0: 268435448 -> universal_integer_rf.universal_rf_write_port.1; 
1: 0 -> universal_fu.i32_1; 
2: 0 -> universal_fu.OCSetting32.ADD; 
3: universal_fu.output32_1 -> universal_integer_rf.universal_rf_write_port.12; 
4: universal_integer_rf.universal_rf_read_port.12 -> universal_fu.OCSetting32.LDQ; 
5: universal_fu.output32_1 -> universal_integer_rf.universal_rf_write_port.13; 
6: universal_integer_rf.universal_rf_read_port.13 -> universal_integer_rf.universal_rf_write_port.0; 
7: universal_gcu.ra -> universal_gcu.port1.JUMP; 
